[student@workstation ~]$ lab image-operation start
Error: unknown problem specified and not found, image-operation
[student@workstation ~]$ lab image-operations start

Setting up workstation for the GE: Creating a Custom Apache Container Image

 · Checking podman configuration...............................  SUCCESS
[student@workstation ~]$ clear
[student@workstation ~]$ sudo podman login quay.io
Username: jairoledezma
Password: 
Error: error logging into "quay.io": invalid username/password
[student@workstation ~]$ sudo podman login quay.io
Username: jairoledezma
Password: 
Error: error logging into "quay.io": invalid username/password
[student@workstation ~]$ sudo podman login quay.io
Username: jairoledezma
Password: 
Login Succeeded!
[student@workstation ~]$ sudo podman run -d --name official-httpd -p 8180:80 redhattraining/httpd-parent
Trying to pull registry.access.redhat.com/redhattraining/httpd-parent...
  name unknown: Repo not found
Trying to pull quay.io/redhattraining/httpd-parent...
Getting image source signatures
Copying blob 6a5240d60dc4 skipped: already exists
Copying blob 08b8c9fdec44 skipped: already exists
Copying blob 787f47dbeaac skipped: already exists
Copying blob 408208567b9a skipped: already exists
Copying blob a3ed95caeb02 done
Copying blob a3ed95caeb02 done
Copying blob a3ed95caeb02 done
Copying blob a3ed95caeb02 done
Copying blob a3ed95caeb02 done
Copying blob a3ed95caeb02 done
Writing manifest to image destination
Storing signatures
bef7f36b6e76df00e368cfd6cef9bbef2128956678bd99f752de62d8f4020d6a
[student@workstation ~]$ sudo podman ps
CONTAINER ID  IMAGE                                       COMMAND               CREATED        STATUS            PORTS                 NAMES
bef7f36b6e76  quay.io/redhattraining/httpd-parent:latest  /bin/sh -c /usr/s...  5 seconds ago  Up 5 seconds ago  0.0.0.0:8180->80/tcp  official-httpd
[student@workstation ~]$ sudo podman exec -it official-httpd /bin/bash
bash-4.4# echo "DO180 Page" > /var/www/html/do180.html 
bash-4.4# exit
exit
[student@workstation ~]$ curl 127.0.0.1:8180/do180
<!DOCTYPE HTML PUBLIC "-//IETF//DTD HTML 2.0//EN">
<html><head>
<title>404 Not Found</title>
</head><body>
<h1>Not Found</h1>
<p>The requested URL /do180 was not found on this server.</p>
</body></html>
[student@workstation ~]$ curl 127.0.0.1:8180/do180.html
DO180 Page
[student@workstation ~]$ sudo podman diff officialihttpd
Error: could not get changes for "officialihttpd": layer, image, or container officialihttpd does not exist
[student@workstation ~]$ sudo podman diff official-httpd
C /root
A /root/.bash_history
C /run/httpd
A /run/httpd/cgisock.1
A /run/httpd/httpd.pid
C /tmp
C /var
C /var/log
C /var/log/httpd
A /var/log/httpd/access_log
A /var/log/httpd/error_log
C /var/www
C /var/www/html
A /var/www/html/do180.html
[student@workstation ~]$ sudo podman stop
Error: you must provide at least one name or id
[student@workstation ~]$ sudo podman stop official-httpd
bef7f36b6e76df00e368cfd6cef9bbef2128956678bd99f752de62d8f4020d6a
[student@workstation ~]$ sudo podman ps
CONTAINER ID  IMAGE  COMMAND  CREATED  STATUS  PORTS  NAMES
[student@workstation ~]$ sudo podman commit -a 'Jairo Ledezma' official-httpd do180-custom-httpd
Getting image source signatures
Copying blob 24d85c895b6b skipped: already exists
Copying blob c613b100be16 skipped: already exists
Copying blob 574bcc187eda skipped: already exists
Copying blob 7f9108fde4a1 skipped: already exists
Copying blob de792bdbc7c4 done
Copying config 7a12b7223c done
Writing manifest to image destination
Storing signatures
7a12b7223c2cd654b3bd28f3f6095a77f6211413598b0076df12a192c8457172
[student@workstation ~]$ sudo podman images
REPOSITORY                                        TAG      IMAGE ID       CREATED          SIZE
localhost/do180-custom-httpd                      latest   7a12b7223c2c   14 seconds ago   236 MB
registry.access.redhat.com/rhscl/mysql-57-rhel7   latest   60726b33a00a   21 months ago    448 MB
quay.io/redhattraining/httpd-parent               2.4      3639ce1374d3   2 years ago      236 MB
quay.io/redhattraining/httpd-parent               latest   4346d3cace25   2 years ago      236 MB
[student@workstation ~]$ sudo podman tag do180-custom-httpd quay.io/jairoledezma/dp180-custon-httpd-1.0
[student@workstation ~]$ sudo podman images
REPOSITORY                                        TAG      IMAGE ID       CREATED         SIZE
localhost/do180-custom-httpd                      latest   7a12b7223c2c   2 minutes ago   236 MB
quay.io/jairoledezma/dp180-custon-httpd-1.0       latest   7a12b7223c2c   2 minutes ago   236 MB
registry.access.redhat.com/rhscl/mysql-57-rhel7   latest   60726b33a00a   21 months ago   448 MB
quay.io/redhattraining/httpd-parent               2.4      3639ce1374d3   2 years ago     236 MB
quay.io/redhattraining/httpd-parent               latest   4346d3cace25   2 years ago     236 MB
[student@workstation ~]$ sudo podman push quay.io/jairoledezma/do180-custon-httpd-1.0
Error: unable to find 'quay.io/jairoledezma/do180-custon-httpd-1.0' in local storage: no such image
[student@workstation ~]$ sudo podman push quay.io/jairoledezma/dp180-custon-httpd-1.0
Getting image source signatures
Copying blob de792bdbc7c4 done
Copying blob 7f9108fde4a1 skipped: already exists
Copying blob 574bcc187eda skipped: already exists
Copying blob c613b100be16 skipped: already exists
Copying blob 24d85c895b6b skipped: already exists
Copying config 7a12b7223c done
Writing manifest to image destination
Copying config 7a12b7223c done
Writing manifest to image destination
Writing manifest to image destination
Storing signatures
[student@workstation ~]$ sudo podman run -d --name test-httpd -p 8280:80 jairoledezma/dp180-custon-httpd-1.0
d030737b158c4c9cc52113fc96c5e0a2fe12e91f5f4e2bef59be171afe3acada
[student@workstation ~]$ curl http://localhost:8280/do180.html
DO180 Page
[student@workstation ~]$ 


-------------------------------------------

CHAPTER 6
registry.access.redhat.com/rhscl/mysql-57-rhel7   latest   60726b33a00a   21 months ago    448 MB
quay.io/redhattraining/httpd-parent               latest   4346d3cace25   2 years ago      236 MB
[student@workstation dockerfile-create]$ sudo podman run --name lab-apache -d -p 10080:80 do180/apache
48af52cabfbaee382b58b8ca3ece480dcb6ce3001e176c591cfbd6767d0fc1ae
[student@workstation dockerfile-create]$ sudo podman ps
CONTAINER ID  IMAGE                          COMMAND  CREATED         STATUS             PORTS                  NAMES
48af52cabfba  localhost/do180/apache:latest           17 seconds ago  Up 16 seconds ago  0.0.0.0:10080->80/tcp  lab-apache
[student@workstation dockerfile-create]$ curl 127.0.0.1:10080
Hello from Dockerfile
[student@workstation dockerfile-create]$ lab dockerfile-create finish

Completing the Guided Exercise: Building a basic Apache Container Image

 · Stopping lab-apache container that is running...............  SUCCESS
 · Removing lab-apache container that is in the cache..........  SUCCESS
 · Removing do180/apache custom container image................  SUCCESS
 · Removing UBI7 container image...............................  SUCCESS
[student@workstation dockerfile-create]$ clear

[student@workstation dockerfile-create]$ lab dockerfile-review start

Setting up workstation for the Lab: Creating Custom Container Images

 · Checking podman configuration...............................  SUCCESS
 · Checking if the container exists or is running..............  SUCCESS
 · Downloading starter project.................................  SUCCESS
 · Downloading solution project................................  SUCCESS

Setup successful. Please proceed with the exercise.

[student@workstation dockerfile-create]$ cd /home/student/DO180/labs/dockerfile-review
[student@workstation dockerfile-review]$ vi Dockerfile
[student@workstation dockerfile-review]$ ls
Dockerfile  src  training.repo
[student@workstation dockerfile-review]$ cd src
[student@workstation src]$ ls
index.html
[student@workstation src]$ cat index.html
<html>
 <header><title>DO180 Hello!</title></header>
 <body>
   Hello World! The dockerfile-review lab works!
 </body>
</html>
[student@workstation src]$ cd ..
[student@workstation dockerfile-review]$ pwd
/home/student/DO180/labs/dockerfile-review
[student@workstation dockerfile-review]$ suo podman build -t do180/custom-apache .
bash: suo: command not found...
[student@workstation dockerfile-review]$ sudo podman build -t do180/custom-apache .
STEP 1: FROM ubi7/ubi:7.7
Getting image source signatures
Copying blob 09dbbf8834d2 done
Copying blob fcd63ccfdd0c done
Copying config 0355cd652b done
Writing manifest to image destination
Storing signatures
STEP 2: MAINTAINER Jairo Ledezma jairo.ledeza@nvsconsulting.io
67c694d9b8d694984f493be9b75a21124d6fa1e670ec4d284323f203f4957dc7
STEP 3: ENV PORT 8080
6c396c6348430e8e7450123bcf0dd092a26b1b9d7877c053ad050179039cb692
STEP 4: RUN yum install -y httpd &&     yum clean all
Loaded plugins: ovl, product-id, search-disabled-repos, subscription-manager
This system is not receiving updates. You can use subscription-manager on the host to register and assign subscriptions.
ubi-7                                                    | 3.8 kB     00:00     
ubi-7-rhah                                               | 3.7 kB     00:00     
ubi-7-server-devtools-rpms                               | 3.8 kB     00:00     
ubi-7-server-extras-rpms                                 | 3.7 kB     00:00     
ubi-7-server-optional-rpms                               | 3.8 kB     00:00     
ubi-server-rhscl-7-rpms                                  | 3.8 kB     00:00     
(1/18): ubi-7/x86_64/group                                 |  124 B   00:00     
(2/18): ubi-7/x86_64/primary_db                            | 800 kB   00:00     
(3/18): ubi-7/x86_64/updateinfo                            |   92 B   00:00     
(4/18): ubi-7-rhah/x86_64/updateinfo                       |   92 B   00:00     
(5/18): ubi-7-rhah/x86_64/primary_db                       | 2.5 kB   00:00     
(6/18): ubi-7-rhah/x86_64/group                            |  124 B   00:00     
(7/18): ubi-7-server-devtools-rpms/x86_64/updateinfo       |   92 B   00:00     
(8/18): ubi-7-server-devtools-rpms/x86_64/primary_db       | 8.6 kB   00:00     
(9/18): ubi-7-server-devtools-rpms/x86_64/group            |  124 B   00:00     
(10/18): ubi-7-server-extras-rpms/x86_64/group             |  124 B   00:00     
(11/18): ubi-7-server-extras-rpms/x86_64/primary_db        | 6.8 kB   00:00     
(12/18): ubi-7-server-extras-rpms/x86_64/updateinfo        |   92 B   00:00     
(13/18): ubi-7-server-optional-rpms/x86_64/updateinfo      |   92 B   00:00     
(14/18): ubi-7-server-optional-rpms/x86_64/primary_db      |  14 kB   00:00     
(15/18): ubi-7-server-optional-rpms/x86_64/group           |  124 B   00:00     
(16/18): ubi-server-rhscl-7-rpms/x86_64/group              |  124 B   00:00     
(17/18): ubi-server-rhscl-7-rpms/x86_64/updateinfo         |   92 B   00:00     
(18/18): ubi-server-rhscl-7-rpms/x86_64/primary_db         | 396 kB   00:00     
Resolving Dependencies
--> Running transaction check
---> Package httpd.x86_64 0:2.4.6-97.el7_9 will be installed
--> Processing Dependency: httpd-tools = 2.4.6-97.el7_9 for package: httpd-2.4.6-97.el7_9.x86_64
--> Processing Dependency: system-logos >= 7.92.1-1 for package: httpd-2.4.6-97.el7_9.x86_64
--> Processing Dependency: /etc/mime.types for package: httpd-2.4.6-97.el7_9.x86_64
--> Processing Dependency: libapr-1.so.0()(64bit) for package: httpd-2.4.6-97.el7_9.x86_64
--> Processing Dependency: libaprutil-1.so.0()(64bit) for package: httpd-2.4.6-97.el7_9.x86_64
--> Running transaction check
---> Package apr.x86_64 0:1.4.8-7.el7 will be installed
---> Package apr-util.x86_64 0:1.5.2-6.el7 will be installed
---> Package httpd-tools.x86_64 0:2.4.6-97.el7_9 will be installed
---> Package mailcap.noarch 0:2.1.41-2.el7 will be installed
---> Package redhat-logos.noarch 0:70.7.0-1.el7 will be installed
--> Finished Dependency Resolution

Dependencies Resolved

================================================================================
 Package              Arch           Version                Repository     Size
================================================================================
Installing:
 httpd                x86_64         2.4.6-97.el7_9         ubi-7         1.2 M
Installing for dependencies:
 apr                  x86_64         1.4.8-7.el7            ubi-7         104 k
 apr-util             x86_64         1.5.2-6.el7            ubi-7          92 k
 httpd-tools          x86_64         2.4.6-97.el7_9         ubi-7          93 k
 mailcap              noarch         2.1.41-2.el7           ubi-7          31 k
 redhat-logos         noarch         70.7.0-1.el7           ubi-7          13 M

Transaction Summary
================================================================================
Install  1 Package (+5 Dependent packages)

Total download size: 15 M
Installed size: 18 M
Downloading packages:
warning: /var/cache/yum/x86_64/7Server/ubi-7/packages/apr-util-1.5.2-6.el7.x86_64.rpm: Header V3 RSA/SHA256 Signature, key ID fd431d51: NOKEY
Public key for apr-util-1.5.2-6.el7.x86_64.rpm is not installed
(1/6): apr-util-1.5.2-6.el7.x86_64.rpm                     |  92 kB   00:00     
(2/6): httpd-2.4.6-97.el7_9.x86_64.rpm                     | 1.2 MB   00:00     
(3/6): httpd-tools-2.4.6-97.el7_9.x86_64.rpm               |  93 kB   00:00     
(4/6): mailcap-2.1.41-2.el7.noarch.rpm                     |  31 kB   00:00     
(5/6): apr-1.4.8-7.el7.x86_64.rpm                          | 104 kB   00:00     
(6/6): redhat-logos-70.7.0-1.el7.noarch.rpm                |  13 MB   00:00     
--------------------------------------------------------------------------------
Total                                               32 MB/s |  15 MB  00:00     
Retrieving key from file:///etc/pki/rpm-gpg/RPM-GPG-KEY-redhat-release
Importing GPG key 0xFD431D51:
 Userid     : "Red Hat, Inc. (release key 2) <security@redhat.com>"
 Fingerprint: 567e 347a d004 4ade 55ba 8a5f 199e 2f91 fd43 1d51
 Package    : redhat-release-server-7.7-10.el7.x86_64 (@anaconda/7.7)
 From       : /etc/pki/rpm-gpg/RPM-GPG-KEY-redhat-release
Importing GPG key 0x2FA658E0:
 Userid     : "Red Hat, Inc. (auxiliary key) <security@redhat.com>"
 Fingerprint: 43a6 e49c 4a38 f4be 9abf 2a53 4568 9c88 2fa6 58e0
 Package    : redhat-release-server-7.7-10.el7.x86_64 (@anaconda/7.7)
 From       : /etc/pki/rpm-gpg/RPM-GPG-KEY-redhat-release
Running transaction check
Running transaction test
Transaction test succeeded
Running transaction
  Installing : apr-1.4.8-7.el7.x86_64                                       1/6 
  Installing : apr-util-1.5.2-6.el7.x86_64                                  2/6 
  Installing : httpd-tools-2.4.6-97.el7_9.x86_64                            3/6 
  Installing : redhat-logos-70.7.0-1.el7.noarch                             4/6 
  Installing : mailcap-2.1.41-2.el7.noarch                                  5/6 
  Installing : httpd-2.4.6-97.el7_9.x86_64                                  6/6 
  Verifying  : httpd-tools-2.4.6-97.el7_9.x86_64                            1/6 
  Verifying  : mailcap-2.1.41-2.el7.noarch                                  2/6 
  Verifying  : apr-1.4.8-7.el7.x86_64                                       3/6 
  Verifying  : apr-util-1.5.2-6.el7.x86_64                                  4/6 
  Verifying  : httpd-2.4.6-97.el7_9.x86_64                                  5/6 
  Verifying  : redhat-logos-70.7.0-1.el7.noarch                             6/6 

Installed:
  httpd.x86_64 0:2.4.6-97.el7_9                                                 

Dependency Installed:
  apr.x86_64 0:1.4.8-7.el7                  apr-util.x86_64 0:1.5.2-6.el7      
  httpd-tools.x86_64 0:2.4.6-97.el7_9       mailcap.noarch 0:2.1.41-2.el7      
  redhat-logos.noarch 0:70.7.0-1.el7       

Complete!
Loaded plugins: ovl, product-id, search-disabled-repos, subscription-manager
This system is not receiving updates. You can use subscription-manager on the host to register and assign subscriptions.
Cleaning repos: ubi-7 ubi-7-rhah ubi-7-server-devtools-rpms
              : ubi-7-server-extras-rpms ubi-7-server-optional-rpms
              : ubi-server-rhscl-7-rpms
e25d573d7e5b44bd1045b23ca6062d159be6d69b067d72a334546d9f1d995f4f
STEP 5: RUN sed -ri -e "/^Listen 80/c\Listen ${PORT}" /etc/httpd/conf/httpd.conf &&     chown -R apache:apache /etc/httpd/logs/ &&     chown -R apache:apache /run/httpd/
84bf0357c3e481d7686a1cb161bc5c184b282ace9d273b1969bb0ec435affe83
STEP 6: USER apache
d474a20764842b81ba0eed56f0ff9acc321f27aeabfba548cfc6fb7be3946c7f
STEP 7: EXPOSE ${PORT}
26e77f679df29b335448cdad99294b5b3c6a3b6547d9e7dfc5029853909f1447
STEP 8: COPY ./src/ /var/www/html
101b90c8c4eefdf0be3150b2a192047c2c9d0e6757fd5a31c3bd446b54da7309
STEP 9: CMD ["httpd", "-D", "FOREGROUND"]
STEP 10: COMMIT do180/custom-apache
9e66791181f4328bd64247fc8837bde09397cbb3d3a17f96938920cc8fffb513
[student@workstation dockerfile-review]$ sudo podman images
REPOSITORY                                        TAG      IMAGE ID       CREATED          SIZE
localhost/do180/custom-apache                     latest   9e66791181f4   13 seconds ago   247 MB
docker.io/library/nginx                           1.17     9beeba249f3e   14 months ago    131 MB
registry.access.redhat.com/ubi7/ubi               7.7      0355cd652bd1   16 months ago    215 MB
registry.access.redhat.com/rhscl/mysql-57-rhel7   latest   60726b33a00a   21 months ago    448 MB
quay.io/redhattraining/httpd-parent               latest   4346d3cace25   2 years ago      236 MB
[student@workstation dockerfile-review]$ sudo podman run -d -p 20080:8080 --name dockerfile do180/custom-apache
e96fc6219030b8289af026e0fa5e015a8066435c6ad0f6bfd2c7aa0b8587ff89
[student@workstation dockerfile-review]$ sudo podman ps
CONTAINER ID  IMAGE                                 COMMAND               CREATED         STATUS            PORTS                    NAMES
e96fc6219030  localhost/do180/custom-apache:latest  httpd -D FOREGROU...  10 seconds ago  Up 9 seconds ago  0.0.0.0:20080->8080/tcp  dockerfile
[student@workstation dockerfile-review]$ curl 128.0.0.1:20080
^[c
:wq



;

^C
[student@workstation dockerfile-review]$ curl 127.0.0.1:20080
<html>
 <header><title>DO180 Hello!</title></header>
 <body>
   Hello World! The dockerfile-review lab works!
 </body>
</html>
[student@workstation dockerfile-review]$ lab docker-review grade
Error: unknown problem specified and not found, docker-review
[student@workstation dockerfile-review]$ lab docker-reviews grade
Error: unknown problem specified and not found, docker-reviews
[student@workstation dockerfile-review]$ lab docker-review grades
Error: unknown problem specified and not found, docker-review
[student@workstation dockerfile-review]$ lab docker-review finish
Error: unknown problem specified and not found, docker-review
[student@workstation dockerfile-review]$ lab dockerfile-review grades
Missing or unrecognized command - grades
This script controls the setup and grading of this lab.
Usage: lab dockerfile-review COMMAND
       lab dockerfile-review -h|--help

COMMAND is one of: start grade finish

[student@workstation dockerfile-review]$ lab dockerfile-review grade

Grading the student's work for Lab: Creating Custom Container Images

 · Check for apache container image............................  PASS
 · Check if the container is running...........................  PASS
 · Verifying if httpd was installed correctly in apache image..  PASS
 · Verifying if hello world is running on server...............  PASS
 · Stopping grade container....................................  SUCCESS
 · Removing grade container....................................  SUCCESS

[student@workstation dockerfile-review]$ 


----------------------------------------------------------------------------------------------------------------------------
CHapter 7
[student@workstation ~]$ lab openshift-resources start

Setting up workstation for the Guided Exercise: Deploying a Database Server on OpenShift

 Verifying the OpenShift cluster is running:
 · Log in on OpenShift.........................................  SUCCESS
 · Check the internal registry is up and running...............  SUCCESS
 · Ensuring the 'xxbhuf-mysql-openshift' project is absent.....  SUCCESS
[student@workstation ~]$ source /usr/local/etc/ocp4.config
[student@workstation ~]$ oc login -u ${RHT_OCP4_DEV_USER} -p ${RHT_OCP4_DEV_PASSWORD} ${RHT_OCP4_MASTER_API} 
Login successful.

You don't have any projects. You can try to create a new project, by running

    oc new-project <projectname>

[student@workstation ~]$ oc new-project ${RHT_OCP4_DEV_USER}-mysql-openshift
Now using project "xxbhuf-mysql-openshift" on server "https://api.na45.prod.nextcle.com:6443".

You can add applications to this project with the 'new-app' command. For example, try:

    oc new-app ruby~https://github.com/sclorg/ruby-ex.git

to build a new example application in Ruby. Or use kubectl to deploy a simple Kubernetes application:

    kubectl create deployment hello-node --image=gcr.io/hello-minikube-zero-install/hello-node

[student@workstation ~]$ oc new-app --docker-image=registry.access.redhat.com/rhscl/mysql-57-rhel7:latest --name=mysql-openshift -e MYSQL_USER=user1 -e MYSQL_PASSWORD=mypa55 -e MYSQL_DATABASE=testdb -e MYSQL_ROOT_PASSWORD=r00tpa55
--> Found container image 60726b3 (21 months old) from registry.access.redhat.com for "registry.access.redhat.com/rhscl/mysql-57-rhel7:latest"

    MySQL 5.7 
    --------- 
    MySQL is a multi-user, multi-threaded SQL database server. The container image provides a containerized packaging of the MySQL mysqld daemon and client application. The mysqld server daemon accepts connections from clients and provides access to content from MySQL databases on behalf of the clients.

    Tags: database, mysql, mysql57, rh-mysql57

    * An image stream tag will be created as "mysql-openshift:latest" that will track this image

--> Creating resources ...
    imagestream.image.openshift.io "mysql-openshift" created
    deployment.apps "mysql-openshift" created
    service "mysql-openshift" created
--> Success
    Application is not exposed. You can expose services to the outside world by executing one or more of the commands below:
     'oc expose svc/mysql-openshift' 
    Run 'oc status' to view your app.
[student@workstation ~]$ oc status
In project xxbhuf-mysql-openshift on server https://api.na45.prod.nextcle.com:6443

svc/mysql-openshift - 172.30.56.20:3306
  deployment/mysql-openshift deploys istag/mysql-openshift:latest 
    deployment #2 running for about a minute - 1 pod
    deployment #1 deployed about a minute ago


1 info identified, use 'oc status --suggest' to see details.
[student@workstation ~]$ oc get pods
NAME                               READY   STATUS    RESTARTS   AGE
mysql-openshift-5f674fb8d7-qpgpc   1/1     Running   0          106s
[student@workstation ~]$ oc get pods -w
NAME                               READY   STATUS    RESTARTS   AGE
mysql-openshift-5f674fb8d7-qpgpc   1/1     Running   0          117s
^C[student@workstation ~]$ oc get service
NAME              TYPE        CLUSTER-IP     EXTERNAL-IP   PORT(S)    AGE
mysql-openshift   ClusterIP   172.30.56.20   <none>        3306/TCP   4m8s
[student@workstation ~]$ oc expose service mysql-openshift
route.route.openshift.io/mysql-openshift exposed
[student@workstation ~]$ oc get routes
NAME              HOST/PORT                                                           PATH   SERVICES          PORT       TERMINATION   WILDCARD
mysql-openshift   mysql-openshift-xxbhuf-mysql-openshift.apps.na45.prod.nextcle.com          mysql-openshift   3306-tcp                 None
[student@workstation ~]$ oc get pods
NAME                               READY   STATUS    RESTARTS   AGE
mysql-openshift-5f674fb8d7-qpgpc   1/1     Running   0          5m35s
[student@workstation ~]$ oc port-forward mysql-openshift-5f674fb8d7-qpgpc 3306:3306
Forwarding from 127.0.0.1:3306 -> 3306
Forwarding from [::1]:3306 -> 3306
Handling connection for 3306
^C[student@workstation ~]$ oc delete project ${RHT_OCP4_DEV_USER}-mysql-openshift
project.project.openshift.io "xxbhuf-mysql-openshift" deleted
[student@workstation ~]$ lab openshift-resources finish

Completing the Guided Exercise: Deploying a Database Server on OpenShift

 · Deleting the 'xxbhuf-mysql-openshift' project...............  SUCCESS
[student@workstation ~]$ 


